#-----------------------------------------------------------
# Vivado v2018.2 (64-bit)
# SW Build 2258646 on Thu Jun 14 20:03:12 MDT 2018
# IP Build 2256618 on Thu Jun 14 22:10:49 MDT 2018
# Start of session at: Wed Oct 31 05:43:42 2018
# Process ID: 8784
# Current directory: C:/Users/acer/Desktop/thinpad_top
# Command line: vivado.exe -gui_launcher_event rodinguilauncherevent2712 C:\Users\acer\Desktop\thinpad_top\thinpad_top.xpr
# Log file: C:/Users/acer/Desktop/thinpad_top/vivado.log
# Journal file: C:/Users/acer/Desktop/thinpad_top\vivado.jou
#-----------------------------------------------------------
start_gui
open_project C:/Users/acer/Desktop/thinpad_top/thinpad_top.xpr
update_compile_order -fileset sources_1
open_hw
connect_hw_server
open_hw_target -xvc_url 192.168.8.8:2542
connect_hw_server
open_hw_target -xvc_url 192.168.8.8:2542
set_property PROBES.FILE {} [get_hw_devices xc7a100t_0]
set_property FULL_PROBES.FILE {} [get_hw_devices xc7a100t_0]
set_property PROGRAM.FILE {C:/Users/acer/Desktop/thinpad_top/thinpad_top.runs/impl_1/thinpad_top.bit} [get_hw_devices xc7a100t_0]
program_hw_devices [get_hw_devices xc7a100t_0]
refresh_hw_device [lindex [get_hw_devices xc7a100t_0] 0]
